******************************************************************************
          TMS320C6x COFF Linker PC v5.1.0                      
******************************************************************************
>> Linked Mon Sep 26 09:52:17 2011

OUTPUT FILE NAME:   <./Debug/MultiFunctionSignalSource.out>
ENTRY POINT SYMBOL: "_c_int00"  address: 00004520


MEMORY CONFIGURATION

                  name            origin    length      used    attr    fill
         ----------------------  --------  ---------  --------  ----  --------
         L2SRAM                  00000400   00040000  000045bc  RWIX
         EXTERNAL                80000000   80010000  00000000  RWIX


SECTION ALLOCATION MAP

 output                                  attributes/
section   page    origin      length       input sections
--------  ----  ----------  ----------   ----------------
.buffers   0    80000000    00000000     UNINITIALIZED

.switch    0    00000400    00000000     UNINITIALIZED

.tables    0    00000400    00000000     UNINITIALIZED

.data      0    00000400    00000000     UNINITIALIZED

.sysmem    0    00000400    00000000     UNINITIALIZED

.const     0    00000400    00000000     UNINITIALIZED

.cio       0    00000400    00000000     UNINITIALIZED

.stack     0    00000400    00002ee0     UNINITIALIZED
                  00000400    00000008     rts6700.lib : boot.obj (.stack)

.bss       0    000032e0    00000008     UNINITIALIZED
                  000032e0    00000008     MultiFunctionSignalSource.obj (.bss)

.text      0    00003400    00001340     
                  00003400    000007e0     MultiFunctionSignalSource.obj (.text)
                  00003be0    00000240     rts6700.lib : memcpy62.obj (.text:_memcpy)
                  00003e20    000001c0     csl6713.lib : csl_irq.obj (.text:_IRQ_map)
                  00003fe0    00000020     vectors.obj (.text)
                  00004000    00000200     vectors.obj (.text:vecs)
                  00004200    00000140     rts6700.lib : exit.obj (.text:_exit)
                  00004340    00000140                 : autoinit.obj (.text:__auto_init)
                  00004480    000000a0     csl6713.lib : csl_irq.obj (.text:_setMux)
                  00004520    00000080     rts6700.lib : boot.obj (.text:_c_int00)
                  000045a0    00000040     csl6713.lib : csl_irq.obj (.text:_IRQ_enable)
                  000045e0    00000040     rts6700.lib : args_main.obj (.text:__args_main)
                  00004620    00000040     csl6713.lib : csl_irq.obj (.text:_IRQ_reset)
                  00004660    00000020     rts6700.lib : _lock.obj (.text:__nop)
                  00004680    00000020     csl6713.lib : csl_irq.obj (.text)
                  000046a0    00000020                 : csl_irq.obj (.text:_IRQ_setVecs)
                  000046c0    00000020                 : csl_irq.obj (.text:_IRQ_nmiEnable)
                  000046e0    00000020                 : csl_irq.obj (.text:_IRQ_globalEnable)
                  00004700    00000020                 : csl_irq.obj (.text:_IRQ_clear)
                  00004720    00000020     rts6700.lib : exit.obj (.text:_abort)

.cinit     0    00004740    000001dc     
                  00004740    0000012c     csl6713.lib : csl_irq.obj (.cinit)
                  0000486c    00000004     --HOLE-- [fill = 0]
                  00004870    00000054     MultiFunctionSignalSource.obj (.cinit)
                  000048c4    00000004     --HOLE-- [fill = 0]
                  000048c8    0000002c     rts6700.lib : exit.obj (.cinit)
                  000048f4    00000004     --HOLE-- [fill = 0]
                  000048f8    0000001c                 : _lock.obj (.cinit)
                  00004914    00000008     --HOLE-- [fill = 0]

.far       0    0000491c    000001b8     UNINITIALIZED
                  0000491c    000000f4     csl6713.lib : csl_irq.obj (.far)
                  00004a10    0000008c     rts6700.lib : exit.obj (.far)
                  00004a9c    00000030     MultiFunctionSignalSource.obj (.far)
                  00004acc    00000008     rts6700.lib : _lock.obj (.far)


GLOBAL SYMBOLS: SORTED ALPHABETICALLY BY Name 

address    name
--------   ----
000032e0   $bss
000032e0   .bss
00000400   .data
00003400   .text
00004720   C$$EXIT
00004a9c   _CHANNEL_ADDR_FPGA
00003a5c   _ExtInt4
00004700   _IRQ_clear
000045a0   _IRQ_enable
000046e0   _IRQ_globalEnable
00003e20   _IRQ_map
000046c0   _IRQ_nmiEnable
00004620   _IRQ_reset
000046a0   _IRQ_setVecs
000037a0   _MFSS_EMIF_Init
000039ac   _MFSS_FPGA_CarrNCO_Init
000039a4   _MFSS_GlobalVar_Init
00003894   _MFSS_HardWare_Init
000038c4   _MFSS_IRQ_Init
000039b4   _MFSS_Init_Globle
00003670   _MFSS_PLL_Init
00003454   _MFSS_SerioPort_ReseiveData
00003844   _MFSS_UART_Init
000032e4   _UART_COMMAND_VALID_FLG
000032e0   _UART_DATA_VALID_FLG
00004a08   __IRQ_dispatchTable
00004944   __IRQ_eventTable
00004680   __IRQ_hookFetchPacket
000049c8   __IRQ_intTable
00002ee0   __STACK_SIZE
ffffffff   ___binit__
000032e0   ___bss__
ffffffff   ___c_args__
00004740   ___cinit__
00000400   ___data__
00000400   ___edata__
000032e8   ___end__
00004740   ___etext__
ffffffff   ___pinit__
00003400   ___text__
000045e0   __args_main
00004340   __auto_init
00004a94   __cleanup_ptr
00004a98   __dtors_ptr
00004acc   __lock
00004660   __nop
00000400   __stack
00004ad0   __unlock
00004720   _abort
00004520   _c_int00
00003400   _delay
00004200   _exit
00003a3c   _main
00003be0   _memcpy
00004020   _vector1
00004140   _vector10
00004160   _vector11
00004180   _vector12
000041a0   _vector13
000041c0   _vector14
000041e0   _vector15
00004040   _vector2
00004060   _vector3
000040a0   _vector5
000040c0   _vector6
000040e0   _vector7
00004100   _vector8
00004120   _vector9
00004000   _vectors
ffffffff   binit
00004740   cinit
00000400   edata
000032e8   end
00004740   etext
ffffffff   pinit


GLOBAL SYMBOLS: SORTED BY Symbol Address 

address    name
--------   ----
00000400   ___data__
00000400   edata
00000400   .data
00000400   __stack
00000400   ___edata__
00002ee0   __STACK_SIZE
000032e0   ___bss__
000032e0   _UART_DATA_VALID_FLG
000032e0   $bss
000032e0   .bss
000032e4   _UART_COMMAND_VALID_FLG
000032e8   ___end__
000032e8   end
00003400   .text
00003400   ___text__
00003400   _delay
00003454   _MFSS_SerioPort_ReseiveData
00003670   _MFSS_PLL_Init
000037a0   _MFSS_EMIF_Init
00003844   _MFSS_UART_Init
00003894   _MFSS_HardWare_Init
000038c4   _MFSS_IRQ_Init
000039a4   _MFSS_GlobalVar_Init
000039ac   _MFSS_FPGA_CarrNCO_Init
000039b4   _MFSS_Init_Globle
00003a3c   _main
00003a5c   _ExtInt4
00003be0   _memcpy
00003e20   _IRQ_map
00004000   _vectors
00004020   _vector1
00004040   _vector2
00004060   _vector3
000040a0   _vector5
000040c0   _vector6
000040e0   _vector7
00004100   _vector8
00004120   _vector9
00004140   _vector10
00004160   _vector11
00004180   _vector12
000041a0   _vector13
000041c0   _vector14
000041e0   _vector15
00004200   _exit
00004340   __auto_init
00004520   _c_int00
000045a0   _IRQ_enable
000045e0   __args_main
00004620   _IRQ_reset
00004660   __nop
00004680   __IRQ_hookFetchPacket
000046a0   _IRQ_setVecs
000046c0   _IRQ_nmiEnable
000046e0   _IRQ_globalEnable
00004700   _IRQ_clear
00004720   C$$EXIT
00004720   _abort
00004740   cinit
00004740   etext
00004740   ___etext__
00004740   ___cinit__
00004944   __IRQ_eventTable
000049c8   __IRQ_intTable
00004a08   __IRQ_dispatchTable
00004a94   __cleanup_ptr
00004a98   __dtors_ptr
00004a9c   _CHANNEL_ADDR_FPGA
00004acc   __lock
00004ad0   __unlock
ffffffff   pinit
ffffffff   ___c_args__
ffffffff   ___pinit__
ffffffff   binit
ffffffff   ___binit__

[75 symbols]
