EDA Netlist Writer report for ddc
Mon May 27 19:27:18 2013
Quartus II Version 9.1 Build 222 10/21/2009 SJ Full Version


---------------------
; Table of Contents ;
---------------------
  1. Legal Notice
  2. EDA Netlist Writer Summary
  3. EDA Netlist Writer Messages



----------------
; Legal Notice ;
----------------
Copyright (C) 1991-2009 Altera Corporation
Your use of Altera Corporation's design tools, logic functions 
and other software and tools, and its AMPP partner logic 
functions, and any output files from any of the foregoing 
(including device programming or simulation files), and any 
associated documentation or information are expressly subject 
to the terms and conditions of the Altera Program License 
Subscription Agreement, Altera MegaCore Function License 
Agreement, or other applicable license agreement, including, 
without limitation, that your use is for the sole purpose of 
programming logic devices manufactured by Altera and sold by 
Altera or its authorized distributors.  Please refer to the 
applicable agreement for further details.



+---------------------------------------------------------------+
; EDA Netlist Writer Summary                                    ;
+---------------------------+-----------------------------------+
; EDA Netlist Writer Status ; Failed - Mon May 27 19:27:18 2013 ;
; Revision Name             ; ddc                               ;
; Top-level Entity Name     ; ddc                               ;
; Family                    ; Stratix II                        ;
+---------------------------+-----------------------------------+


+-----------------------------+
; EDA Netlist Writer Messages ;
+-----------------------------+
Info: *******************************************************************
Info: Running Quartus II EDA Netlist Writer
    Info: Version 9.1 Build 222 10/21/2009 SJ Full Version
    Info: Processing started: Mon May 27 19:27:10 2013
Info: Command: quartus_eda --read_settings_files=off --write_settings_files=off ddc -c ddc
Error: Can't generate netlist output files because the file "F:/DDC/nco-library/asj_nco_isdr.v" is an OpenCore Plus time-limited file
Error: Can't generate netlist output files because the file "F:/DDC/fir_compiler-library/auk_dspip_lib_pkg_fir_91.vhd" is an OpenCore Plus time-limited file
Error: Can't generate netlist output files because the file "F:/DDC/nco-library/asj_nco_as_m_dp_cen.v" is an OpenCore Plus time-limited file
Error: Can't generate netlist output files because the file "F:/DDC/fir_compiler-library/tdl_da_lc.v" is an OpenCore Plus time-limited file
Error: Can't generate netlist output files because the file "F:/DDC/nco-library/asj_nco_mob_w.v" is an OpenCore Plus time-limited file
Error: Can't generate netlist output files because the file "F:/DDC/fir_compiler-library/mac_tl.v" is an OpenCore Plus time-limited file
Error: Can't generate netlist output files because the file "F:/DDC/fir_compiler-library/auk_dspip_avalon_streaming_source_fir_91.vhd" is an OpenCore Plus time-limited file
Error: Can't generate netlist output files because the file "F:/DDC/nco-library/asj_nco_apr_dxx.v" is an OpenCore Plus time-limited file
Error: Can't generate netlist output files because the file "F:/DDC/fir_compiler-library/auk_dspip_avalon_streaming_sink_fir_91.vhd" is an OpenCore Plus time-limited file
Error: Can't generate netlist output files because the file "F:/DDC/fir_compiler-library/sadd_lpm_cen.v" is an OpenCore Plus time-limited file
Error: Can't generate netlist output files because the file "F:/DDC/nco-library/asj_dxx.v" is an OpenCore Plus time-limited file
Error: Can't generate netlist output files because the file "F:/DDC/fir_compiler-library/auk_dspip_math_pkg_fir_91.vhd" is an OpenCore Plus time-limited file
Error: Can't generate netlist output files because the file "F:/DDC/fir_compiler-library/sadd_cen.v" is an OpenCore Plus time-limited file
Error: Can't generate netlist output files because the file "F:/DDC/nco-library/asj_altqmcpipe.v" is an OpenCore Plus time-limited file
Error: Can't generate netlist output files because the file "F:/DDC/nco-library/asj_nco_as_m_cen.v" is an OpenCore Plus time-limited file
Error: Can't generate netlist output files because the file "F:/DDC/fir_compiler-library/par_ctrl.v" is an OpenCore Plus time-limited file
Error: Can't generate netlist output files because the file "F:/DDC/fir_compiler-library/auk_dspip_avalon_streaming_controller_fir_91.vhd" is an OpenCore Plus time-limited file
Error: Can't generate netlist output files because the file "F:/DDC/nco-library/asj_gam_dp.v" is an OpenCore Plus time-limited file
Error: Can't generate netlist output files because the file "F:/DDC/nco-library/asj_nco_derot.v" is an OpenCore Plus time-limited file
Error: Can't generate netlist output files because the file "F:/DDC/nco-library/asj_nco_madx_cen.v" is an OpenCore Plus time-limited file
Error: Can't generate netlist output files because the file "F:/DDC/fir_compiler-library/tsadd_lpm_cen.v" is an OpenCore Plus time-limited file
Error: Can't generate netlist output files because the file "F:/DDC/nco-library/asj_nco_mady_cen.v" is an OpenCore Plus time-limited file
Error: Can't generate netlist output files because the file "F:/DDC/fir_compiler-library/rom_lut.v" is an OpenCore Plus time-limited file
Error: Can't generate netlist output files because the file "F:/DDC/nco-library/asj_dxx_g.v" is an OpenCore Plus time-limited file
Error: Can't generate netlist output files because the license for encrypted file "F:/DDC/nco-library/asj_nco_isdr.v" is not available
Error: Can't generate netlist output files because the license for encrypted file "F:/DDC/fir_compiler-library/auk_dspip_lib_pkg_fir_91.vhd" is not available
Error: Can't generate netlist output files because the license for encrypted file "F:/DDC/nco-library/asj_nco_as_m_dp_cen.v" is not available
Error: Can't generate netlist output files because the license for encrypted file "F:/DDC/fir_compiler-library/tdl_da_lc.v" is not available
Error: Can't generate netlist output files because the license for encrypted file "F:/DDC/nco-library/asj_nco_mob_w.v" is not available
Error: Can't generate netlist output files because the license for encrypted file "F:/DDC/fir_compiler-library/mac_tl.v" is not available
Error: Can't generate netlist output files because the license for encrypted file "F:/DDC/fir_compiler-library/auk_dspip_avalon_streaming_source_fir_91.vhd" is not available
Error: Can't generate netlist output files because the license for encrypted file "F:/DDC/nco-library/asj_nco_apr_dxx.v" is not available
Error: Can't generate netlist output files because the license for encrypted file "F:/DDC/fir_compiler-library/auk_dspip_avalon_streaming_sink_fir_91.vhd" is not available
Error: Can't generate netlist output files because the license for encrypted file "F:/DDC/fir_compiler-library/sadd_lpm_cen.v" is not available
Error: Can't generate netlist output files because the license for encrypted file "F:/DDC/nco-library/asj_dxx.v" is not available
Error: Can't generate netlist output files because the license for encrypted file "F:/DDC/fir_compiler-library/auk_dspip_math_pkg_fir_91.vhd" is not available
Error: Can't generate netlist output files because the license for encrypted file "F:/DDC/fir_compiler-library/sadd_cen.v" is not available
Error: Can't generate netlist output files because the license for encrypted file "F:/DDC/nco-library/asj_altqmcpipe.v" is not available
Error: Can't generate netlist output files because the license for encrypted file "F:/DDC/nco-library/asj_nco_as_m_cen.v" is not available
Error: Can't generate netlist output files because the license for encrypted file "F:/DDC/fir_compiler-library/par_ctrl.v" is not available
Error: Can't generate netlist output files because the license for encrypted file "F:/DDC/fir_compiler-library/auk_dspip_avalon_streaming_controller_fir_91.vhd" is not available
Error: Can't generate netlist output files because the license for encrypted file "F:/DDC/nco-library/asj_gam_dp.v" is not available
Error: Can't generate netlist output files because the license for encrypted file "F:/DDC/nco-library/asj_nco_derot.v" is not available
Error: Can't generate netlist output files because the license for encrypted file "F:/DDC/nco-library/asj_nco_madx_cen.v" is not available
Error: Can't generate netlist output files because the license for encrypted file "F:/DDC/fir_compiler-library/tsadd_lpm_cen.v" is not available
Error: Can't generate netlist output files because the license for encrypted file "F:/DDC/nco-library/asj_nco_mady_cen.v" is not available
Error: Can't generate netlist output files because the license for encrypted file "F:/DDC/fir_compiler-library/rom_lut.v" is not available
Error: Can't generate netlist output files because the license for encrypted file "F:/DDC/nco-library/asj_dxx_g.v" is not available
Error: Can't generate netlist output files because the file "F:/DDC/nco-library/asj_nco_isdr.v" is an OpenCore Plus time-limited file
Error: Can't generate netlist output files because the file "F:/DDC/fir_compiler-library/auk_dspip_lib_pkg_fir_91.vhd" is an OpenCore Plus time-limited file
Error: Can't generate netlist output files because the file "F:/DDC/nco-library/asj_nco_as_m_dp_cen.v" is an OpenCore Plus time-limited file
Error: Can't generate netlist output files because the file "F:/DDC/fir_compiler-library/tdl_da_lc.v" is an OpenCore Plus time-limited file
Error: Can't generate netlist output files because the file "F:/DDC/nco-library/asj_nco_mob_w.v" is an OpenCore Plus time-limited file
Error: Can't generate netlist output files because the file "F:/DDC/fir_compiler-library/mac_tl.v" is an OpenCore Plus time-limited file
Error: Can't generate netlist output files because the file "F:/DDC/fir_compiler-library/auk_dspip_avalon_streaming_source_fir_91.vhd" is an OpenCore Plus time-limited file
Error: Can't generate netlist output files because the file "F:/DDC/nco-library/asj_nco_apr_dxx.v" is an OpenCore Plus time-limited file
Error: Can't generate netlist output files because the file "F:/DDC/fir_compiler-library/auk_dspip_avalon_streaming_sink_fir_91.vhd" is an OpenCore Plus time-limited file
Error: Can't generate netlist output files because the file "F:/DDC/fir_compiler-library/sadd_lpm_cen.v" is an OpenCore Plus time-limited file
Error: Can't generate netlist output files because the file "F:/DDC/nco-library/asj_dxx.v" is an OpenCore Plus time-limited file
Error: Can't generate netlist output files because the file "F:/DDC/fir_compiler-library/auk_dspip_math_pkg_fir_91.vhd" is an OpenCore Plus time-limited file
Error: Can't generate netlist output files because the file "F:/DDC/fir_compiler-library/sadd_cen.v" is an OpenCore Plus time-limited file
Error: Can't generate netlist output files because the file "F:/DDC/nco-library/asj_altqmcpipe.v" is an OpenCore Plus time-limited file
Error: Can't generate netlist output files because the file "F:/DDC/nco-library/asj_nco_as_m_cen.v" is an OpenCore Plus time-limited file
Error: Can't generate netlist output files because the file "F:/DDC/fir_compiler-library/par_ctrl.v" is an OpenCore Plus time-limited file
Error: Can't generate netlist output files because the file "F:/DDC/fir_compiler-library/auk_dspip_avalon_streaming_controller_fir_91.vhd" is an OpenCore Plus time-limited file
Error: Can't generate netlist output files because the file "F:/DDC/nco-library/asj_gam_dp.v" is an OpenCore Plus time-limited file
Error: Can't generate netlist output files because the file "F:/DDC/nco-library/asj_nco_derot.v" is an OpenCore Plus time-limited file
Error: Can't generate netlist output files because the file "F:/DDC/nco-library/asj_nco_madx_cen.v" is an OpenCore Plus time-limited file
Error: Can't generate netlist output files because the file "F:/DDC/fir_compiler-library/tsadd_lpm_cen.v" is an OpenCore Plus time-limited file
Error: Can't generate netlist output files because the file "F:/DDC/nco-library/asj_nco_mady_cen.v" is an OpenCore Plus time-limited file
Error: Can't generate netlist output files because the file "F:/DDC/fir_compiler-library/rom_lut.v" is an OpenCore Plus time-limited file
Error: Can't generate netlist output files because the file "F:/DDC/nco-library/asj_dxx_g.v" is an OpenCore Plus time-limited file
Error: Can't generate netlist output files because the license for encrypted file "F:/DDC/nco-library/asj_nco_isdr.v" is not available
Error: Can't generate netlist output files because the license for encrypted file "F:/DDC/fir_compiler-library/auk_dspip_lib_pkg_fir_91.vhd" is not available
Error: Can't generate netlist output files because the license for encrypted file "F:/DDC/nco-library/asj_nco_as_m_dp_cen.v" is not available
Error: Can't generate netlist output files because the license for encrypted file "F:/DDC/fir_compiler-library/tdl_da_lc.v" is not available
Error: Can't generate netlist output files because the license for encrypted file "F:/DDC/nco-library/asj_nco_mob_w.v" is not available
Error: Can't generate netlist output files because the license for encrypted file "F:/DDC/fir_compiler-library/mac_tl.v" is not available
Error: Can't generate netlist output files because the license for encrypted file "F:/DDC/fir_compiler-library/auk_dspip_avalon_streaming_source_fir_91.vhd" is not available
Error: Can't generate netlist output files because the license for encrypted file "F:/DDC/nco-library/asj_nco_apr_dxx.v" is not available
Error: Can't generate netlist output files because the license for encrypted file "F:/DDC/fir_compiler-library/auk_dspip_avalon_streaming_sink_fir_91.vhd" is not available
Error: Can't generate netlist output files because the license for encrypted file "F:/DDC/fir_compiler-library/sadd_lpm_cen.v" is not available
Error: Can't generate netlist output files because the license for encrypted file "F:/DDC/nco-library/asj_dxx.v" is not available
Error: Can't generate netlist output files because the license for encrypted file "F:/DDC/fir_compiler-library/auk_dspip_math_pkg_fir_91.vhd" is not available
Error: Can't generate netlist output files because the license for encrypted file "F:/DDC/fir_compiler-library/sadd_cen.v" is not available
Error: Can't generate netlist output files because the license for encrypted file "F:/DDC/nco-library/asj_altqmcpipe.v" is not available
Error: Can't generate netlist output files because the license for encrypted file "F:/DDC/nco-library/asj_nco_as_m_cen.v" is not available
Error: Can't generate netlist output files because the license for encrypted file "F:/DDC/fir_compiler-library/par_ctrl.v" is not available
Error: Can't generate netlist output files because the license for encrypted file "F:/DDC/fir_compiler-library/auk_dspip_avalon_streaming_controller_fir_91.vhd" is not available
Error: Can't generate netlist output files because the license for encrypted file "F:/DDC/nco-library/asj_gam_dp.v" is not available
Error: Can't generate netlist output files because the license for encrypted file "F:/DDC/nco-library/asj_nco_derot.v" is not available
Error: Can't generate netlist output files because the license for encrypted file "F:/DDC/nco-library/asj_nco_madx_cen.v" is not available
Error: Can't generate netlist output files because the license for encrypted file "F:/DDC/fir_compiler-library/tsadd_lpm_cen.v" is not available
Error: Can't generate netlist output files because the license for encrypted file "F:/DDC/nco-library/asj_nco_mady_cen.v" is not available
Error: Can't generate netlist output files because the license for encrypted file "F:/DDC/fir_compiler-library/rom_lut.v" is not available
Error: Can't generate netlist output files because the license for encrypted file "F:/DDC/nco-library/asj_dxx_g.v" is not available
Error: Can't generate netlist output files because the file "F:/DDC/nco-library/asj_nco_isdr.v" is an OpenCore Plus time-limited file
Error: Can't generate netlist output files because the file "F:/DDC/fir_compiler-library/auk_dspip_lib_pkg_fir_91.vhd" is an OpenCore Plus time-limited file
Error: Can't generate netlist output files because the file "F:/DDC/nco-library/asj_nco_as_m_dp_cen.v" is an OpenCore Plus time-limited file
Error: Can't generate netlist output files because the file "F:/DDC/fir_compiler-library/tdl_da_lc.v" is an OpenCore Plus time-limited file
Error: Can't generate netlist output files because the file "F:/DDC/nco-library/asj_nco_mob_w.v" is an OpenCore Plus time-limited file
Error: Can't generate netlist output files because the file "F:/DDC/fir_compiler-library/mac_tl.v" is an OpenCore Plus time-limited file
Error: Can't generate netlist output files because the file "F:/DDC/fir_compiler-library/auk_dspip_avalon_streaming_source_fir_91.vhd" is an OpenCore Plus time-limited file
Error: Can't generate netlist output files because the file "F:/DDC/nco-library/asj_nco_apr_dxx.v" is an OpenCore Plus time-limited file
Error: Can't generate netlist output files because the file "F:/DDC/fir_compiler-library/auk_dspip_avalon_streaming_sink_fir_91.vhd" is an OpenCore Plus time-limited file
Error: Can't generate netlist output files because the file "F:/DDC/fir_compiler-library/sadd_lpm_cen.v" is an OpenCore Plus time-limited file
Error: Can't generate netlist output files because the file "F:/DDC/nco-library/asj_dxx.v" is an OpenCore Plus time-limited file
Error: Can't generate netlist output files because the file "F:/DDC/fir_compiler-library/auk_dspip_math_pkg_fir_91.vhd" is an OpenCore Plus time-limited file
Error: Can't generate netlist output files because the file "F:/DDC/fir_compiler-library/sadd_cen.v" is an OpenCore Plus time-limited file
Error: Can't generate netlist output files because the file "F:/DDC/nco-library/asj_altqmcpipe.v" is an OpenCore Plus time-limited file
Error: Can't generate netlist output files because the file "F:/DDC/nco-library/asj_nco_as_m_cen.v" is an OpenCore Plus time-limited file
Error: Can't generate netlist output files because the file "F:/DDC/fir_compiler-library/par_ctrl.v" is an OpenCore Plus time-limited file
Error: Can't generate netlist output files because the file "F:/DDC/fir_compiler-library/auk_dspip_avalon_streaming_controller_fir_91.vhd" is an OpenCore Plus time-limited file
Error: Can't generate netlist output files because the file "F:/DDC/nco-library/asj_gam_dp.v" is an OpenCore Plus time-limited file
Error: Can't generate netlist output files because the file "F:/DDC/nco-library/asj_nco_derot.v" is an OpenCore Plus time-limited file
Error: Can't generate netlist output files because the file "F:/DDC/nco-library/asj_nco_madx_cen.v" is an OpenCore Plus time-limited file
Error: Can't generate netlist output files because the file "F:/DDC/fir_compiler-library/tsadd_lpm_cen.v" is an OpenCore Plus time-limited file
Error: Can't generate netlist output files because the file "F:/DDC/nco-library/asj_nco_mady_cen.v" is an OpenCore Plus time-limited file
Error: Can't generate netlist output files because the file "F:/DDC/fir_compiler-library/rom_lut.v" is an OpenCore Plus time-limited file
Error: Can't generate netlist output files because the file "F:/DDC/nco-library/asj_dxx_g.v" is an OpenCore Plus time-limited file
Error: Can't generate netlist output files because the license for encrypted file "F:/DDC/nco-library/asj_nco_isdr.v" is not available
Error: Can't generate netlist output files because the license for encrypted file "F:/DDC/fir_compiler-library/auk_dspip_lib_pkg_fir_91.vhd" is not available
Error: Can't generate netlist output files because the license for encrypted file "F:/DDC/nco-library/asj_nco_as_m_dp_cen.v" is not available
Error: Can't generate netlist output files because the license for encrypted file "F:/DDC/fir_compiler-library/tdl_da_lc.v" is not available
Error: Can't generate netlist output files because the license for encrypted file "F:/DDC/nco-library/asj_nco_mob_w.v" is not available
Error: Can't generate netlist output files because the license for encrypted file "F:/DDC/fir_compiler-library/mac_tl.v" is not available
Error: Can't generate netlist output files because the license for encrypted file "F:/DDC/fir_compiler-library/auk_dspip_avalon_streaming_source_fir_91.vhd" is not available
Error: Can't generate netlist output files because the license for encrypted file "F:/DDC/nco-library/asj_nco_apr_dxx.v" is not available
Error: Can't generate netlist output files because the license for encrypted file "F:/DDC/fir_compiler-library/auk_dspip_avalon_streaming_sink_fir_91.vhd" is not available
Error: Can't generate netlist output files because the license for encrypted file "F:/DDC/fir_compiler-library/sadd_lpm_cen.v" is not available
Error: Can't generate netlist output files because the license for encrypted file "F:/DDC/nco-library/asj_dxx.v" is not available
Error: Can't generate netlist output files because the license for encrypted file "F:/DDC/fir_compiler-library/auk_dspip_math_pkg_fir_91.vhd" is not available
Error: Can't generate netlist output files because the license for encrypted file "F:/DDC/fir_compiler-library/sadd_cen.v" is not available
Error: Can't generate netlist output files because the license for encrypted file "F:/DDC/nco-library/asj_altqmcpipe.v" is not available
Error: Can't generate netlist output files because the license for encrypted file "F:/DDC/nco-library/asj_nco_as_m_cen.v" is not available
Error: Can't generate netlist output files because the license for encrypted file "F:/DDC/fir_compiler-library/par_ctrl.v" is not available
Error: Can't generate netlist output files because the license for encrypted file "F:/DDC/fir_compiler-library/auk_dspip_avalon_streaming_controller_fir_91.vhd" is not available
Error: Can't generate netlist output files because the license for encrypted file "F:/DDC/nco-library/asj_gam_dp.v" is not available
Error: Can't generate netlist output files because the license for encrypted file "F:/DDC/nco-library/asj_nco_derot.v" is not available
Error: Can't generate netlist output files because the license for encrypted file "F:/DDC/nco-library/asj_nco_madx_cen.v" is not available
Error: Can't generate netlist output files because the license for encrypted file "F:/DDC/fir_compiler-library/tsadd_lpm_cen.v" is not available
Error: Can't generate netlist output files because the license for encrypted file "F:/DDC/nco-library/asj_nco_mady_cen.v" is not available
Error: Can't generate netlist output files because the license for encrypted file "F:/DDC/fir_compiler-library/rom_lut.v" is not available
Error: Can't generate netlist output files because the license for encrypted file "F:/DDC/nco-library/asj_dxx_g.v" is not available
Error: Can't generate netlist output files because the file "F:/DDC/nco-library/asj_nco_isdr.v" is an OpenCore Plus time-limited file
Error: Can't generate netlist output files because the file "F:/DDC/fir_compiler-library/auk_dspip_lib_pkg_fir_91.vhd" is an OpenCore Plus time-limited file
Error: Can't generate netlist output files because the file "F:/DDC/nco-library/asj_nco_as_m_dp_cen.v" is an OpenCore Plus time-limited file
Error: Can't generate netlist output files because the file "F:/DDC/fir_compiler-library/tdl_da_lc.v" is an OpenCore Plus time-limited file
Error: Can't generate netlist output files because the file "F:/DDC/nco-library/asj_nco_mob_w.v" is an OpenCore Plus time-limited file
Error: Can't generate netlist output files because the file "F:/DDC/fir_compiler-library/mac_tl.v" is an OpenCore Plus time-limited file
Error: Can't generate netlist output files because the file "F:/DDC/fir_compiler-library/auk_dspip_avalon_streaming_source_fir_91.vhd" is an OpenCore Plus time-limited file
Error: Can't generate netlist output files because the file "F:/DDC/nco-library/asj_nco_apr_dxx.v" is an OpenCore Plus time-limited file
Error: Can't generate netlist output files because the file "F:/DDC/fir_compiler-library/auk_dspip_avalon_streaming_sink_fir_91.vhd" is an OpenCore Plus time-limited file
Error: Can't generate netlist output files because the file "F:/DDC/fir_compiler-library/sadd_lpm_cen.v" is an OpenCore Plus time-limited file
Error: Can't generate netlist output files because the file "F:/DDC/nco-library/asj_dxx.v" is an OpenCore Plus time-limited file
Error: Can't generate netlist output files because the file "F:/DDC/fir_compiler-library/auk_dspip_math_pkg_fir_91.vhd" is an OpenCore Plus time-limited file
Error: Can't generate netlist output files because the file "F:/DDC/fir_compiler-library/sadd_cen.v" is an OpenCore Plus time-limited file
Error: Can't generate netlist output files because the file "F:/DDC/nco-library/asj_altqmcpipe.v" is an OpenCore Plus time-limited file
Error: Can't generate netlist output files because the file "F:/DDC/nco-library/asj_nco_as_m_cen.v" is an OpenCore Plus time-limited file
Error: Can't generate netlist output files because the file "F:/DDC/fir_compiler-library/par_ctrl.v" is an OpenCore Plus time-limited file
Error: Can't generate netlist output files because the file "F:/DDC/fir_compiler-library/auk_dspip_avalon_streaming_controller_fir_91.vhd" is an OpenCore Plus time-limited file
Error: Can't generate netlist output files because the file "F:/DDC/nco-library/asj_gam_dp.v" is an OpenCore Plus time-limited file
Error: Can't generate netlist output files because the file "F:/DDC/nco-library/asj_nco_derot.v" is an OpenCore Plus time-limited file
Error: Can't generate netlist output files because the file "F:/DDC/nco-library/asj_nco_madx_cen.v" is an OpenCore Plus time-limited file
Error: Can't generate netlist output files because the file "F:/DDC/fir_compiler-library/tsadd_lpm_cen.v" is an OpenCore Plus time-limited file
Error: Can't generate netlist output files because the file "F:/DDC/nco-library/asj_nco_mady_cen.v" is an OpenCore Plus time-limited file
Error: Can't generate netlist output files because the file "F:/DDC/fir_compiler-library/rom_lut.v" is an OpenCore Plus time-limited file
Error: Can't generate netlist output files because the file "F:/DDC/nco-library/asj_dxx_g.v" is an OpenCore Plus time-limited file
Error: Can't generate netlist output files because the license for encrypted file "F:/DDC/nco-library/asj_nco_isdr.v" is not available
Error: Can't generate netlist output files because the license for encrypted file "F:/DDC/fir_compiler-library/auk_dspip_lib_pkg_fir_91.vhd" is not available
Error: Can't generate netlist output files because the license for encrypted file "F:/DDC/nco-library/asj_nco_as_m_dp_cen.v" is not available
Error: Can't generate netlist output files because the license for encrypted file "F:/DDC/fir_compiler-library/tdl_da_lc.v" is not available
Error: Can't generate netlist output files because the license for encrypted file "F:/DDC/nco-library/asj_nco_mob_w.v" is not available
Error: Can't generate netlist output files because the license for encrypted file "F:/DDC/fir_compiler-library/mac_tl.v" is not available
Error: Can't generate netlist output files because the license for encrypted file "F:/DDC/fir_compiler-library/auk_dspip_avalon_streaming_source_fir_91.vhd" is not available
Error: Can't generate netlist output files because the license for encrypted file "F:/DDC/nco-library/asj_nco_apr_dxx.v" is not available
Error: Can't generate netlist output files because the license for encrypted file "F:/DDC/fir_compiler-library/auk_dspip_avalon_streaming_sink_fir_91.vhd" is not available
Error: Can't generate netlist output files because the license for encrypted file "F:/DDC/fir_compiler-library/sadd_lpm_cen.v" is not available
Error: Can't generate netlist output files because the license for encrypted file "F:/DDC/nco-library/asj_dxx.v" is not available
Error: Can't generate netlist output files because the license for encrypted file "F:/DDC/fir_compiler-library/auk_dspip_math_pkg_fir_91.vhd" is not available
Error: Can't generate netlist output files because the license for encrypted file "F:/DDC/fir_compiler-library/sadd_cen.v" is not available
Error: Can't generate netlist output files because the license for encrypted file "F:/DDC/nco-library/asj_altqmcpipe.v" is not available
Error: Can't generate netlist output files because the license for encrypted file "F:/DDC/nco-library/asj_nco_as_m_cen.v" is not available
Error: Can't generate netlist output files because the license for encrypted file "F:/DDC/fir_compiler-library/par_ctrl.v" is not available
Error: Can't generate netlist output files because the license for encrypted file "F:/DDC/fir_compiler-library/auk_dspip_avalon_streaming_controller_fir_91.vhd" is not available
Error: Can't generate netlist output files because the license for encrypted file "F:/DDC/nco-library/asj_gam_dp.v" is not available
Error: Can't generate netlist output files because the license for encrypted file "F:/DDC/nco-library/asj_nco_derot.v" is not available
Error: Can't generate netlist output files because the license for encrypted file "F:/DDC/nco-library/asj_nco_madx_cen.v" is not available
Error: Can't generate netlist output files because the license for encrypted file "F:/DDC/fir_compiler-library/tsadd_lpm_cen.v" is not available
Error: Can't generate netlist output files because the license for encrypted file "F:/DDC/nco-library/asj_nco_mady_cen.v" is not available
Error: Can't generate netlist output files because the license for encrypted file "F:/DDC/fir_compiler-library/rom_lut.v" is not available
Error: Can't generate netlist output files because the license for encrypted file "F:/DDC/nco-library/asj_dxx_g.v" is not available
Error: Quartus II EDA Netlist Writer was unsuccessful. 192 errors, 0 warnings
    Error: Peak virtual memory: 150 megabytes
    Error: Processing ended: Mon May 27 19:27:18 2013
    Error: Elapsed time: 00:00:08
    Error: Total CPU time (on all processors): 00:00:07


